// Bun Snapshot v1, https://bun.sh/docs/test/snapshots

exports[`Caddy project access logging snapshots active logger, all-domain mapping, raw records, rotation, and default exclusion 1`] = `
{
  "logging": {
    "logs": {
      "5ad58d04ec07c62212cd3b5e4bc05bd8cc7df42f8c1aeb494986aa8561eb46f9": {
        "encoder": {
          "format": "json",
        },
        "include": [
          "http.log.access.5ad58d04ec07c62212cd3b5e4bc05bd8cc7df42f8c1aeb494986aa8561eb46f9",
        ],
        "writer": {
          "dir_mode": "0700",
          "filename": "/var/lib/project-registry/caddy-access-logs/projects/5ad58d04ec07c62212cd3b5e4bc05bd8cc7df42f8c1aeb494986aa8561eb46f9/access.jsonl",
          "mode": "0600",
          "output": "file",
          "roll_at": [
            "00:00",
          ],
          "roll_gzip": true,
          "roll_keep": 8,
          "roll_keep_days": 7,
          "roll_size_mb": 25,
        },
      },
      "default": {
        "exclude": [
          "http.log.access.5ad58d04ec07c62212cd3b5e4bc05bd8cc7df42f8c1aeb494986aa8561eb46f9",
        ],
      },
    },
  },
  "serverLogs": {
    "logger_names": {
      "oc.example": [
        "5ad58d04ec07c62212cd3b5e4bc05bd8cc7df42f8c1aeb494986aa8561eb46f9",
      ],
      "opencode.example": [
        "5ad58d04ec07c62212cd3b5e4bc05bd8cc7df42f8c1aeb494986aa8561eb46f9",
      ],
    },
    "should_log_credentials": true,
  },
}
`;
